Running nvme/029
91fdba0d-f87b-4c25-b80f-db7be1418b9e
uuid.91fdba0d-f87b-4c25-b80f-db7be1418b9e
1048576
2097152
Resizing
2097152
4194304
NQN:blktests-subsystem-1 disconnected 1 controller(s)
Test complete
